// Jest Snapshot v1, https://goo.gl/fbAQLP

exports[`should take a snapshot 1`] = `
<DocumentFragment>
  <div
    class="App"
  >
    <ul>
      <li>
        <a
          href="/"
        >
          Home
        </a>
      </li>
      <li>
        <a
          href="/create"
        >
          Create
        </a>
      </li>
    </ul>
    <div>
      <div>
        <div />
      </div>
    </div>
  </div>
</DocumentFragment>
`;
